MPLINK 4.49, Linker
Linker Map File - Created Sun Nov 15 23:35:01 2020

                                 Section Info
                  Section       Type    Address   Location Size(Bytes)
                ---------  ---------  ---------  ---------  ---------
                   .org_0       code   0x000000    program   0x000000
                   .org_1       code   0x000000    program   0x000004
                   .org_2       code   0x000008    program   0x000002
                   .org_3       code   0x000018    program   0x000024



                              Program Memory Usage 
                               Start         End      
                           ---------   ---------      
                            0x000000    0x000003      
                            0x000008    0x000009      
                            0x000018    0x00003b      
            42 out of 33048 program addresses used, program memory utilization is 0%



                              Symbols - Sorted by Name
                     Name    Address   Location    Storage File                     
                ---------  ---------  ---------  --------- ---------                
                      LED   0x00002a    program     static C:\Users\HP\Documents\MPLABS\Quizes\Q.15\Q.15.asm
                     LED1   0x000036    program     static C:\Users\HP\Documents\MPLABS\Quizes\Q.15\Q.15.asm
                    check   0x000022    program     static C:\Users\HP\Documents\MPLABS\Quizes\Q.15\Q.15.asm
                   check1   0x00002e    program     static C:\Users\HP\Documents\MPLABS\Quizes\Q.15\Q.15.asm
                    start   0x00001a    program     static C:\Users\HP\Documents\MPLABS\Quizes\Q.15\Q.15.asm



                              Symbols - Sorted by Address
                     Name    Address   Location    Storage File                     
                ---------  ---------  ---------  --------- ---------                
                    start   0x00001a    program     static C:\Users\HP\Documents\MPLABS\Quizes\Q.15\Q.15.asm
                    check   0x000022    program     static C:\Users\HP\Documents\MPLABS\Quizes\Q.15\Q.15.asm
                      LED   0x00002a    program     static C:\Users\HP\Documents\MPLABS\Quizes\Q.15\Q.15.asm
                   check1   0x00002e    program     static C:\Users\HP\Documents\MPLABS\Quizes\Q.15\Q.15.asm
                     LED1   0x000036    program     static C:\Users\HP\Documents\MPLABS\Quizes\Q.15\Q.15.asm


